HI-TECH Software PICC-18 Compiler V9.80 ()

Linker command line:

--edf=C:\Program Files (x86)\HI-TECH Software\PICC-18\9.80\dat\en_msgs.txt \
  -cs -h+dist/default/debug\PTII_Term_1k_MetA.X.debug.sym -z -Q18F26K22 \
  -ol.obj -Mdist/default/debug/PTII_Term_1k_MetA.X.debug.map -E1 \
  -ver=PICC-18 -ACODE=00h-0FF00h -ACONST=00h-0FF00h \
  -ASMALLCONST=01000h-010FFhx239,0FF00h-0FF00h -AMEDIUMCONST=01000h-0FF00h \
  -ACOMRAM=01h-05Fh -AABS1=00h-0F37h -ABIGRAM=01h-0F37h \
  -ARAM=060h-0FFh,0100h-01FFhx14,0F00h-0F37h -ABANK0=060h-0FFh \
  -ABANK1=0100h-01FFh -ABANK2=0200h-02FFh -ABANK3=0300h-03FFh \
  -ABANK4=0400h-04FFh -ABANK5=0500h-05FFh -ABANK6=0600h-06FFh \
  -ABANK7=0700h-07FFh -ABANK8=0800h-08FFh -ABANK9=0900h-09FFh \
  -ABANK10=0A00h-0AFFh -ABANK11=0B00h-0BFFh -ABANK12=0C00h-0CFFh \
  -ABANK13=0D00h-0DFFh -ABANK14=0E00h-0EFFh -ABANK15=0F00h-0F37h \
  -ASFR=0F38h-0F5Fh,0F60h-0FFCh \
  -preset_vec=00h,intcode=08h,intcodelo,powerup,init,end_init \
  -pramtop=01000h -psmallconst=SMALLCONST -pmediumconst=MEDIUMCONST \
  -pconst=CONST -AFARRAM=00h-00h -ACONFIG=0300000h-030000Dh -pconfig=CONFIG \
  -AIDLOC=0200000h-0200007h -pidloc=IDLOC -AEEDATA=0F00000h-0F003FFh \
  -peeprom_data=EEDATA \
  -prdata=COMRAM,nvrram=COMRAM,nvbit=COMRAM,rbss=COMRAM,rbit=COMRAM \
  -pfarbss=FARRAM,fardata=FARRAM \
  -pintsave_regs=BIGRAM,bigbss=BIGRAM,bigdata=BIGRAM -pbss=RAM \
  -pidata=CODE,irdata=CODE,ibigdata=CODE,ifardata=CODE \
  C:\Users\MarioVas\AppData\Local\Temp\sc50.obj \
  dist/default/debug\PTII_Term_1k_MetA.X.debug.obj 

Object code version is 3.10

Machine type is 18F26K22

Call graph: (short form)




                Name          Link     Load   Length Selector   Space       Scale
C:\Users\MarioVas\AppData\Local\Temp\sc50.obj
                end_init        90       90        4       4     0
                reset_vec        0        0        6       0     0
                config      300000   300000        E  300000     0
dist/default/debug\PTII_Term_1k_MetA.X.debug.obj
                intcode          8        8       88       4     0
                smallcons     1000     1000       3A     800     0
                text34        2178     2178      130     81D     0
                text33        1F06     1F06      13E     81D     0
                text32        24C0     24C0       EE     81D     0
                text31        2B0A     2B0A       98     81D     0
                text30        2A66     2A66       A4     81D     0
                text29        179A     179A      23A     81D     0
                text28        2BA2     2BA2       94     81D     0
                text27        2044     2044      134     81D     0
                text26        1BEA     1BEA      1A4     81D     0
                text25        2D2E     2D2E       3E     81D     0
                text24        2CF0     2CF0       3E     81D     0
                text23        2E20     2E20       38     81D     0
                text22        2DAA     2DAA       3E     81D     0
                text21        2D6C     2D6C       3E     81D     0
                text20        2E90     2E90       2A     81D     0
                text19        2774     2774       D8     81D     0
                text18        22A8     22A8      11E     81D     0
                text17        2CA4     2CA4       4C     81D     0
                text16        1536     1536      264     81D     0
                text15        2C36     2C36       6E     81D     0
                text14        284C     284C       BC     81D     0
                text13        29BE     29BE       A8     81D     0
                text12        2F0C     2F0C       10     81D     0
                text11        23C6     23C6       FA     81D     0
                text10        12C8     12C8      26E     81D     0
                text9         2E58     2E58       38     81D     0
                text8         2908     2908       B6     81D     0
                text7         2696     2696       DE     81D     0
                text6         1D8E     1D8E      178     81D     0
                text5         19D4     19D4      216     81D     0
                text4         25AE     25AE       E8     81D     0
                text3         2DE8     2DE8       38     81D     0
                text2         2EE2     2EE2       18     81D     0
                text1         2EBA     2EBA       28     81D     0
                text0         103A     103A      28E     81D     0
                cstackCOM        1        1       51       1     1
                cstackBAN       60       60       4F      60     1
                bssBANK0        AF       AF        3      60     1
                cinit         2EFA     2EFA       12     81D     0

TOTAL           Name          Link     Load   Length     Space
        CLASS   CODE           
                end_init        90       90        4     0
                intcode          8        8       88     0
                reset_vec        0        0        6     0
                text34        2178     2178      130     0
                text33        1F06     1F06      13E     0
                text32        24C0     24C0       EE     0
                text31        2B0A     2B0A       98     0
                text30        2A66     2A66       A4     0
                text29        179A     179A      23A     0
                text28        2BA2     2BA2       94     0
                text27        2044     2044      134     0
                text26        1BEA     1BEA      1A4     0
                text25        2D2E     2D2E       3E     0
                text24        2CF0     2CF0       3E     0
                text23        2E20     2E20       38     0
                text22        2DAA     2DAA       3E     0
                text21        2D6C     2D6C       3E     0
                text20        2E90     2E90       2A     0
                text19        2774     2774       D8     0
                text18        22A8     22A8      11E     0
                text17        2CA4     2CA4       4C     0
                text16        1536     1536      264     0
                text15        2C36     2C36       6E     0
                text14        284C     284C       BC     0
                text13        29BE     29BE       A8     0
                text12        2F0C     2F0C       10     0
                text11        23C6     23C6       FA     0
                text10        12C8     12C8      26E     0
                text9         2E58     2E58       38     0
                text8         2908     2908       B6     0
                text7         2696     2696       DE     0
                text6         1D8E     1D8E      178     0
                text5         19D4     19D4      216     0
                text4         25AE     25AE       E8     0
                text3         2DE8     2DE8       38     0
                text2         2EE2     2EE2       18     0
                text1         2EBA     2EBA       28     0
                text0         103A     103A      28E     0
                cinit         2EFA     2EFA       12     0

        CLASS   CONST          

        CLASS   SMALLCONST     
                smallcons     1000     1000       3A     0

        CLASS   MEDIUMCONST    

        CLASS   COMRAM         
                cstackCOM        1        1       51     1

        CLASS   ABS1           

        CLASS   BIGRAM         

        CLASS   RAM            

        CLASS   BANK0          
                cstackBAN       60       60       4F     1
                bssBANK0        AF       AF        3     1

        CLASS   BANK1          

        CLASS   BANK2          

        CLASS   BANK3          

        CLASS   BANK4          

        CLASS   BANK5          

        CLASS   BANK6          

        CLASS   BANK7          

        CLASS   BANK8          

        CLASS   BANK9          

        CLASS   BANK10         

        CLASS   BANK11         

        CLASS   BANK12         

        CLASS   BANK13         

        CLASS   BANK14         

        CLASS   BANK15         

        CLASS   SFR            

        CLASS   FARRAM         

        CLASS   CONFIG         
                config      300000   300000        E     0

        CLASS   IDLOC          

        CLASS   EEDATA         



SEGMENTS        Name            Load    Length   Top    Selector   Space  Class

                reset_vec       000000  000006  000006         0       0  CODE    
                cstackCOMRAM    000001  000051  000052         1       1  COMRAM  
                intcode         000008  00008C  000094         4       0  CODE    
                cstackBANK0     000060  000052  0000B2        60       1  BANK0   
                smallconst      001000  00003A  00103A       800       0  SMALLCON
                text0           00103A  001EE2  002F1C       81D       0  CODE    
                config          300000  00000E  30000E    300000       0  CONFIG  


UNUSED ADDRESS RANGES

        Name                Unused          Largest block    Delta
        BANK0            0000B2-0000FF               4E
        BANK1            000100-0001FF              100
        BANK10           000A00-000AFF              100
        BANK11           000B00-000BFF              100
        BANK12           000C00-000CFF              100
        BANK13           000D00-000DFF              100
        BANK14           000E00-000EFF              100
        BANK15           000F00-000F37               38
        BANK2            000200-0002FF              100
        BANK3            000300-0003FF              100
        BANK4            000400-0004FF              100
        BANK5            000500-0005FF              100
        BANK6            000600-0006FF              100
        BANK7            000700-0007FF              100
        BANK8            000800-0008FF              100
        BANK9            000900-0009FF              100
        BIGRAM           000052-00005F                E
                         0000B2-000F37              E86
        CODE             000006-000007                2
                         000094-000FFF              F6C
                         002F1C-00FF00             CFE5
        COMRAM           000052-00005F                E
        CONST            000006-000007                2
                         000094-000FFF              F6C
                         002F1C-00FF00             CFE5
        EEDATA           F00000-F003FF              400
        IDLOC            200000-200007                8
        MEDIUMCONST      002F1C-00FF00             CFE5
        RAM              0000B2-000F37              100
        SFR              000F38-000FFC               28
        SMALLCONST       002F1C-00FF00              100

                                  Symbol Table

??_ADC_init                 cstackCOMRAM 00000F
??_ISR                      cstackCOMRAM 000001
??_PORT_init                cstackCOMRAM 00000F
??_Rterm_calc               cstackCOMRAM 00004B
??_Temp_calc                cstackCOMRAM 000052
??_UART_init                cstackCOMRAM 00000F
??___altoft                 cstackCOMRAM 00004C
??___asftadd                cstackCOMRAM 00004C
??___asftdiv                cstackCOMRAM 00002D
??___asftmul                cstackCOMRAM 00003E
??___asftsub                cstackCOMRAM 000052
??___awdiv                  cstackCOMRAM 00004C
??___awmod                  cstackCOMRAM 00004C
??___awtoft                 cstackCOMRAM 00001A
??___ftadd                  cstackCOMRAM 00003F
??___ftdiv                  cstackCOMRAM 00001D
??___ftge                   cstackCOMRAM 00004D
??___ftmul                  cstackCOMRAM 00002E
??___ftneg                  cstackCOMRAM 000012
??___ftpack                 cstackCOMRAM 000014
??___ftsub                  cstackCOMRAM 00004D
??___fttol                  cstackCOMRAM 00003D
??___lltoft                 cstackCOMRAM 00001B
??_adc_average              cstackCOMRAM 00004F
??_adc_capture              cstackCOMRAM 000011
??_eval_poly                cstackBANK0  000060
??_exp                      cstackCOMRAM 000052
??_floor                    cstackCOMRAM 000052
??_frexp                    cstackCOMRAM 000014
??_ldexp                    cstackBANK0  00006A
??_log                      cstackCOMRAM 000051
??_main                     cstackBANK0  000097
??_pow                      cstackBANK0  00007C
??_putch                    cstackCOMRAM 000052
??_send_sys_data            cstackBANK0  000065
??_set_current_fish         cstackCOMRAM 000012
?_ADC_init                  cstackCOMRAM 000001
?_ISR                       cstackCOMRAM 000001
?_PORT_init                 cstackCOMRAM 000001
?_Rterm_calc                cstackCOMRAM 000047
?_Temp_calc                 cstackBANK0  000088
?_UART_init                 cstackCOMRAM 000001
?___altoft                  cstackCOMRAM 000048
?___asftadd                 cstackCOMRAM 000047
?___asftdiv                 cstackCOMRAM 000028
?___asftmul                 cstackCOMRAM 000039
?___asftsub                 cstackCOMRAM 00004D
?___awdiv                   cstackCOMRAM 000048
?___awmod                   cstackCOMRAM 000048
?___awtoft                  cstackCOMRAM 000017
?___ftadd                   cstackCOMRAM 000039
?___ftdiv                   cstackCOMRAM 000017
?___ftge                    cstackCOMRAM 000047
?___ftmul                   cstackCOMRAM 000028
?___ftneg                   cstackCOMRAM 00000F
?___ftpack                  cstackCOMRAM 00000F
?___ftsub                   cstackCOMRAM 000047
?___fttol                   cstackCOMRAM 000039
?___lltoft                  cstackCOMRAM 000017
?_adc_average               cstackCOMRAM 00004C
?_adc_capture               cstackCOMRAM 00000F
?_eval_poly                 cstackCOMRAM 000047
?_exp                       cstackBANK0  00006D
?_floor                     cstackBANK0  000060
?_frexp                     cstackCOMRAM 00000F
?_ldexp                     cstackBANK0  000065
?_log                       cstackBANK0  000065
?_main                      cstackCOMRAM 000001
?_pow                       cstackBANK0  000076
?_putch                     cstackCOMRAM 000051
?_send_sys_data             cstackBANK0  000060
?_set_current_fish          cstackCOMRAM 00000F
Rterm_calc@R                cstackCOMRAM 00004E
Rterm_calc@code             cstackCOMRAM 000048
Rterm_calc@method           cstackCOMRAM 000047
Temp_calc@Rterm             cstackBANK0  000088
Temp_calc@t                 cstackBANK0  00008B
_ADCON0bits                 (abs)        000FC2
_ADCON1bits                 (abs)        000FC1
_ADCON2bits                 (abs)        000FC0
_ADC_init                   text1        002EBA
_ADRESH                     (abs)        000FC4
_ADRESL                     (abs)        000FC3
_ANSA0                      (abs)        0079C0
_ANSA1                      (abs)        0079C1
_ANSC7                      (abs)        0079D7
_ANSELA                     (abs)        000F38
_BAUDCON1bits               (abs)        000FB8
_GIE                        (abs)        007F97
_ISR                        intcode      000008
_LATB                       (abs)        000F8A
_LATB5                      (abs)        007C55
_PEIE                       (abs)        007F96
_PORTA                      (abs)        000F80
_PORTB                      (abs)        000F81
_PORT_init                  text3        002DE8
_RC1IE                      (abs)        007CED
_RC1IF                      (abs)        007CF5
_RCREG1                     (abs)        000FAE
_RCSTA1bits                 (abs)        000FAB
_RECEIVED_COMMAND           bssBANK0     0000B1
_Rterm_calc                 text7        002696
_Rterm_calc$1236            cstackCOMRAM 00004B
_SPBRG1                     (abs)        000FAF
_SPBRGH1                    (abs)        000FB0
_TRISA0                     (abs)        007C90
_TRISA1                     (abs)        007C91
_TRISB                      (abs)        000F93
_TRISC6                     (abs)        007CA6
_TRISC7                     (abs)        007CA7
_TXREG1                     (abs)        000FAD
_TXSTA1bits                 (abs)        000FAC
_Temp_calc                  text4        0025AE
_Temp_calc$1233             cstackBANK0  00008E
_Temp_calc$1234             cstackBANK0  000091
_Temp_calc$1235             cstackBANK0  000094
_UART_init                  text2        002EE2
__CFG_BOREN$SBORDIS         (abs)        000000
__CFG_BORV$190              (abs)        000000
__CFG_CCP2MX$PORTC1         (abs)        000000
__CFG_CCP3MX$PORTB5         (abs)        000000
__CFG_CP0$OFF               (abs)        000000
__CFG_CP1$OFF               (abs)        000000
__CFG_CP2$OFF               (abs)        000000
__CFG_CP3$OFF               (abs)        000000
__CFG_CPB$OFF               (abs)        000000
__CFG_CPD$OFF               (abs)        000000
__CFG_EBTR0$OFF             (abs)        000000
__CFG_EBTR1$OFF             (abs)        000000
__CFG_EBTR2$OFF             (abs)        000000
__CFG_EBTR3$OFF             (abs)        000000
__CFG_EBTRB$OFF             (abs)        000000
__CFG_FCMEN$OFF             (abs)        000000
__CFG_FOSC$HSHP             (abs)        000000
__CFG_HFOFST$ON             (abs)        000000
__CFG_IESO$OFF              (abs)        000000
__CFG_LVP$OFF               (abs)        000000
__CFG_MCLRE$EXTMCLR         (abs)        000000
__CFG_P2BMX$PORTB5          (abs)        000000
__CFG_PBADEN$ON             (abs)        000000
__CFG_PLLCFG$OFF            (abs)        000000
__CFG_PRICLKEN$ON           (abs)        000000
__CFG_PWRTEN$OFF            (abs)        000000
__CFG_STVREN$ON             (abs)        000000
__CFG_T3CMX$PORTC0          (abs)        000000
__CFG_WDTEN$OFF             (abs)        000000
__CFG_WDTPS$32768           (abs)        000000
__CFG_WRT0$OFF              (abs)        000000
__CFG_WRT1$OFF              (abs)        000000
__CFG_WRT2$OFF              (abs)        000000
__CFG_WRT3$OFF              (abs)        000000
__CFG_WRTB$OFF              (abs)        000000
__CFG_WRTC$OFF              (abs)        000000
__CFG_WRTD$OFF              (abs)        000000
__CFG_XINST$OFF             (abs)        000000
__HRAM                      (abs)        000000
__Habs1                     abs1         000000
__Hbank0                    bank0        000000
__Hbank1                    bank1        000000
__Hbank10                   bank10       000000
__Hbank11                   bank11       000000
__Hbank12                   bank12       000000
__Hbank13                   bank13       000000
__Hbank14                   bank14       000000
__Hbank15                   bank15       000000
__Hbank2                    bank2        000000
__Hbank3                    bank3        000000
__Hbank4                    bank4        000000
__Hbank5                    bank5        000000
__Hbank6                    bank6        000000
__Hbank7                    bank7        000000
__Hbank8                    bank8        000000
__Hbank9                    bank9        000000
__Hbigbss                   bigbss       000000
__Hbigdata                  bigdata      000000
__Hbigram                   bigram       000000
__Hbss                      bss          000000
__HbssBANK0                 bssBANK0     000000
__Hcinit                    cinit        000000
__Hclrtext                  clrtext      000000
__Hcomram                   comram       000000
__Hconfig                   config       30000E
__Hconst                    const        000000
__HcstackBANK0              cstackBANK0  000000
__HcstackCOMRAM             cstackCOMRAM 000000
__Hdata                     data         000000
__Heeprom_data              eeprom_data  000000
__Hend_init                 end_init     000094
__Hfarbss                   farbss       000000
__Hfardata                  fardata      000000
__Hibigdata                 ibigdata     000000
__Hidata                    idata        000000
__Hidloc                    idloc        000000
__Hifardata                 ifardata     000000
__Hinit                     init         000090
__Hintcode                  intcode      000090
__Hintcode_body             intcode_body 000000
__Hintcodelo                intcodelo    000090
__Hintentry                 intentry     000000
__Hintret                   intret       000000
__Hintsave_regs             intsave_regs 000000
__Hirdata                   irdata       000000
__Hmediumconst              mediumconst  000000
__Hnvbit                    nvbit        000000
__Hnvrram                   nvrram       000000
__Hparam                    rparam       000000
__Hpowerup                  powerup      000090
__Hram                      ram          000000
__Hramtop                   ramtop       001000
__Hrbit                     rbit         000000
__Hrbss                     rbss         000000
__Hrdata                    rdata        000000
__Hreset_vec                reset_vec    000006
__Hrparam                   rparam       000000
__Hsfr                      sfr          000000
__Hsmallconst               smallconst   00103A
__Hstruct                   struct       000000
__Htemp                     temp         000000
__Htext                     text         000000
__Htext0                    text0        000000
__Htext1                    text1        000000
__Htext10                   text10       000000
__Htext11                   text11       000000
__Htext12                   text12       000000
__Htext13                   text13       000000
__Htext14                   text14       000000
__Htext15                   text15       000000
__Htext16                   text16       000000
__Htext17                   text17       000000
__Htext18                   text18       000000
__Htext19                   text19       000000
__Htext2                    text2        000000
__Htext20                   text20       000000
__Htext21                   text21       000000
__Htext22                   text22       000000
__Htext23                   text23       000000
__Htext24                   text24       000000
__Htext25                   text25       000000
__Htext26                   text26       000000
__Htext27                   text27       000000
__Htext28                   text28       000000
__Htext29                   text29       000000
__Htext3                    text3        000000
__Htext30                   text30       000000
__Htext31                   text31       000000
__Htext32                   text32       000000
__Htext33                   text33       000000
__Htext34                   text34       000000
__Htext4                    text4        000000
__Htext5                    text5        000000
__Htext6                    text6        000000
__Htext7                    text7        000000
__Htext8                    text8        000000
__Htext9                    text9        000000
__LRAM                      (abs)        000001
__Labs1                     abs1         000000
__Lbank0                    bank0        000000
__Lbank1                    bank1        000000
__Lbank10                   bank10       000000
__Lbank11                   bank11       000000
__Lbank12                   bank12       000000
__Lbank13                   bank13       000000
__Lbank14                   bank14       000000
__Lbank15                   bank15       000000
__Lbank2                    bank2        000000
__Lbank3                    bank3        000000
__Lbank4                    bank4        000000
__Lbank5                    bank5        000000
__Lbank6                    bank6        000000
__Lbank7                    bank7        000000
__Lbank8                    bank8        000000
__Lbank9                    bank9        000000
__Lbigbss                   bigbss       000000
__Lbigdata                  bigdata      000000
__Lbigram                   bigram       000000
__Lbss                      bss          000000
__LbssBANK0                 bssBANK0     000000
__Lcinit                    cinit        000000
__Lclrtext                  clrtext      000000
__Lcomram                   comram       000000
__Lconfig                   config       300000
__Lconst                    const        000000
__LcstackBANK0              cstackBANK0  000000
__LcstackCOMRAM             cstackCOMRAM 000000
__Ldata                     data         000000
__Leeprom_data              eeprom_data  000000
__Lend_init                 end_init     000090
__Lfarbss                   farbss       000000
__Lfardata                  fardata      000000
__Libigdata                 ibigdata     000000
__Lidata                    idata        000000
__Lidloc                    idloc        000000
__Lifardata                 ifardata     000000
__Linit                     init         000090
__Lintcode                  intcode      000008
__Lintcode_body             intcode_body 000000
__Lintcodelo                intcodelo    000090
__Lintentry                 intentry     000000
__Lintret                   intret       000000
__Lintsave_regs             intsave_regs 000000
__Lirdata                   irdata       000000
__Lmediumconst              mediumconst  000000
__Lnvbit                    nvbit        000000
__Lnvrram                   nvrram       000000
__Lparam                    rparam       000000
__Lpowerup                  powerup      000090
__Lram                      ram          000000
__Lramtop                   ramtop       001000
__Lrbit                     rbit         000000
__Lrbss                     rbss         000000
__Lrdata                    rdata        000000
__Lreset_vec                reset_vec    000000
__Lrparam                   rparam       000000
__Lsfr                      sfr          000000
__Lsmallconst               smallconst   001000
__Lstruct                   struct       000000
__Ltemp                     temp         000000
__Ltext                     text         000000
__Ltext0                    text0        000000
__Ltext1                    text1        000000
__Ltext10                   text10       000000
__Ltext11                   text11       000000
__Ltext12                   text12       000000
__Ltext13                   text13       000000
__Ltext14                   text14       000000
__Ltext15                   text15       000000
__Ltext16                   text16       000000
__Ltext17                   text17       000000
__Ltext18                   text18       000000
__Ltext19                   text19       000000
__Ltext2                    text2        000000
__Ltext20                   text20       000000
__Ltext21                   text21       000000
__Ltext22                   text22       000000
__Ltext23                   text23       000000
__Ltext24                   text24       000000
__Ltext25                   text25       000000
__Ltext26                   text26       000000
__Ltext27                   text27       000000
__Ltext28                   text28       000000
__Ltext29                   text29       000000
__Ltext3                    text3        000000
__Ltext30                   text30       000000
__Ltext31                   text31       000000
__Ltext32                   text32       000000
__Ltext33                   text33       000000
__Ltext34                   text34       000000
__Ltext4                    text4        000000
__Ltext5                    text5        000000
__Ltext6                    text6        000000
__Ltext7                    text7        000000
__Ltext8                    text8        000000
__Ltext9                    text9        000000
__S0                        (abs)        30000E
__S1                        (abs)        0000B2
___IT                       (abs)        000101
___altoft                   text28       002BA2
___altoft@c                 cstackCOMRAM 000048
___altoft@exp               cstackCOMRAM 000050
___altoft@sign              cstackCOMRAM 000051
___asftadd                  text24       002CF0
___asftadd@f1p              cstackCOMRAM 000047
___asftadd@f2               cstackCOMRAM 000049
___asftdiv                  text25       002D2E
___asftdiv@f1p              cstackCOMRAM 000028
___asftdiv@f2               cstackCOMRAM 00002A
___asftmul                  text21       002D6C
___asftmul@f1p              cstackCOMRAM 000039
___asftmul@f2               cstackCOMRAM 00003B
___asftsub                  text22       002DAA
___asftsub@f1p              cstackCOMRAM 00004D
___asftsub@f2               cstackCOMRAM 00004F
___awdiv                    text14       00284C
___awdiv@counter            cstackCOMRAM 00004D
___awdiv@dividend           cstackCOMRAM 000048
___awdiv@divisor            cstackCOMRAM 00004A
___awdiv@quotient           cstackCOMRAM 00004F
___awdiv@sign               cstackCOMRAM 00004E
___awmod                    text13       0029BE
___awmod@counter            cstackCOMRAM 00004D
___awmod@dividend           cstackCOMRAM 000048
___awmod@divisor            cstackCOMRAM 00004A
___awmod@sign               cstackCOMRAM 00004E
___awtoft                   text17       002CA4
___awtoft@c                 cstackCOMRAM 000017
___awtoft@sign              cstackCOMRAM 00001B
___ftadd                    text29       00179A
___ftadd@exp1               cstackCOMRAM 000046
___ftadd@exp2               cstackCOMRAM 000045
___ftadd@f1                 cstackCOMRAM 000039
___ftadd@f2                 cstackCOMRAM 00003C
___ftadd@sign               cstackCOMRAM 000044
___ftdiv                    text18       0022A8
___ftdiv@cntr               cstackCOMRAM 000022
___ftdiv@exp                cstackCOMRAM 000026
___ftdiv@f1                 cstackCOMRAM 000017
___ftdiv@f2                 cstackCOMRAM 00001A
___ftdiv@f3                 cstackCOMRAM 000023
___ftdiv@sign               cstackCOMRAM 000027
___ftge                     text30       002A66
___ftge@ff1                 cstackCOMRAM 000047
___ftge@ff2                 cstackCOMRAM 00004A
___ftmul                    text33       001F06
___ftmul@cntr               cstackCOMRAM 000037
___ftmul@exp                cstackCOMRAM 000033
___ftmul@f1                 cstackCOMRAM 000028
___ftmul@f2                 cstackCOMRAM 00002B
___ftmul@f3_as_product      cstackCOMRAM 000034
___ftmul@sign               cstackCOMRAM 000038
___ftneg                    text20       002E90
___ftneg@f1                 cstackCOMRAM 00000F
___ftpack                   text32       0024C0
___ftpack@arg               cstackCOMRAM 00000F
___ftpack@exp               cstackCOMRAM 000012
___ftpack@sign              cstackCOMRAM 000013
___ftsub                    text23       002E20
___ftsub@f1                 cstackCOMRAM 000047
___ftsub@f2                 cstackCOMRAM 00004A
___fttol                    text34       002178
___fttol@exp1               cstackCOMRAM 000047
___fttol@f1                 cstackCOMRAM 000039
___fttol@lval               cstackCOMRAM 000043
___fttol@sign1              cstackCOMRAM 000042
___lltoft                   text15       002C36
___lltoft@c                 cstackCOMRAM 000017
___lltoft@exp               cstackCOMRAM 00001F
__accesstop                 (abs)        000060
__activetblptr              (abs)        000002
__end_of_ADC_init           text1        002EE2
__end_of_ISR                intcode      000090
__end_of_PORT_init          text3        002E20
__end_of_Rterm_calc         text7        002774
__end_of_Temp_calc          text4        002696
__end_of_UART_init          text2        002EFA
__end_of___altoft           text28       002C36
__end_of___asftadd          text24       002D2E
__end_of___asftdiv          text25       002D6C
__end_of___asftmul          text21       002DAA
__end_of___asftsub          text22       002DE8
__end_of___awdiv            text14       002908
__end_of___awmod            text13       002A66
__end_of___awtoft           text17       002CF0
__end_of___ftadd            text29       0019D4
__end_of___ftdiv            text18       0023C6
__end_of___ftge             text30       002B0A
__end_of___ftmul            text33       002044
__end_of___ftneg            text20       002EBA
__end_of___ftpack           text32       0025AE
__end_of___ftsub            text23       002E58
__end_of___fttol            text34       0022A8
__end_of___lltoft           text15       002CA4
__end_of_adc_average        text8        0029BE
__end_of_adc_capture        text9        002E90
__end_of_eval_poly          text19       00284C
__end_of_exp                text16       00179A
__end_of_floor              text27       002178
__end_of_frexp              text31       002BA2
__end_of_ldexp              text26       001D8E
__end_of_log                text6        001F06
__end_of_main               text0        0012C8
__end_of_pow                text5        001BEA
__end_of_putch              text12       002F1C
__end_of_send_sys_data      text11       0024C0
__end_of_set_current_fish   text10       001536
__mediumconst               mediumconst  000000
__pbssBANK0                 bssBANK0     0000AF
__pcinit                    cinit        002EFA
__pcstackBANK0              cstackBANK0  000060
__pcstackCOMRAM             cstackCOMRAM 000001
__pintcode                  intcode      000008
__psmallconst               smallconst   001000
__ptext0                    text0        00103A
__ptext1                    text1        002EBA
__ptext10                   text10       0012C8
__ptext11                   text11       0023C6
__ptext12                   text12       002F0C
__ptext13                   text13       0029BE
__ptext14                   text14       00284C
__ptext15                   text15       002C36
__ptext16                   text16       001536
__ptext17                   text17       002CA4
__ptext18                   text18       0022A8
__ptext19                   text19       002774
__ptext2                    text2        002EE2
__ptext20                   text20       002E90
__ptext21                   text21       002D6C
__ptext22                   text22       002DAA
__ptext23                   text23       002E20
__ptext24                   text24       002CF0
__ptext25                   text25       002D2E
__ptext26                   text26       001BEA
__ptext27                   text27       002044
__ptext28                   text28       002BA2
__ptext29                   text29       00179A
__ptext3                    text3        002DE8
__ptext30                   text30       002A66
__ptext31                   text31       002B0A
__ptext32                   text32       0024C0
__ptext33                   text33       001F06
__ptext34                   text34       002178
__ptext4                    text4        0025AE
__ptext5                    text5        0019D4
__ptext6                    text6        001D8E
__ptext7                    text7        002696
__ptext8                    text8        002908
__ptext9                    text9        002E58
__ramtop                    ramtop       001000
__size_of_ADC_init          (abs)        000000
__size_of_ISR               (abs)        000000
__size_of_PORT_init         (abs)        000000
__size_of_Rterm_calc        (abs)        000000
__size_of_Temp_calc         (abs)        000000
__size_of_UART_init         (abs)        000000
__size_of___altoft          (abs)        000000
__size_of___asftadd         (abs)        000000
__size_of___asftdiv         (abs)        000000
__size_of___asftmul         (abs)        000000
__size_of___asftsub         (abs)        000000
__size_of___awdiv           (abs)        000000
__size_of___awmod           (abs)        000000
__size_of___awtoft          (abs)        000000
__size_of___ftadd           (abs)        000000
__size_of___ftdiv           (abs)        000000
__size_of___ftge            (abs)        000000
__size_of___ftmul           (abs)        000000
__size_of___ftneg           (abs)        000000
__size_of___ftpack          (abs)        000000
__size_of___ftsub           (abs)        000000
__size_of___fttol           (abs)        000000
__size_of___lltoft          (abs)        000000
__size_of_adc_average       (abs)        000000
__size_of_adc_capture       (abs)        000000
__size_of_eval_poly         (abs)        000000
__size_of_exp               (abs)        000000
__size_of_floor             (abs)        000000
__size_of_frexp             (abs)        000000
__size_of_ldexp             (abs)        000000
__size_of_log               (abs)        000000
__size_of_main              (abs)        000000
__size_of_pow               (abs)        000000
__size_of_putch             (abs)        000000
__size_of_send_sys_data     (abs)        000000
__size_of_set_current_fish  (abs)        000000
__smallconst                smallconst   001000
_adc_average                text8        002908
_adc_capture                text9        002E58
_errno                      bssBANK0     0000AF
_eval_poly                  text19       002774
_exp                        text16       001536
_exp$1240                   cstackBANK0  000070
_floor                      text27       002044
_frexp                      text31       002B0A
_ldexp                      text26       001BEA
_log                        text6        001D8E
_main                       text0        00103A
_pow                        text5        0019D4
_pow$1238                   cstackBANK0  00007D
_pow$1239                   cstackBANK0  000080
_putch                      text12       002F0C
_send_sys_data              text11       0023C6
_set_current_fish           text10       0012C8
adc_average@average         cstackBANK0  000061
adc_average@i               cstackBANK0  000060
adc_average@samples         cstackCOMRAM 00004C
adc_capture@code            cstackCOMRAM 000011
end_of_initialization       cinit        002F02
eval_poly@d                 cstackCOMRAM 00004A
eval_poly@n                 cstackCOMRAM 00004C
eval_poly@res               cstackCOMRAM 00004E
eval_poly@x                 cstackCOMRAM 000047
exp@coeff                   smallconst   001000
exp@exp                     cstackBANK0  000073
exp@sign                    cstackBANK0  000075
exp@x                       cstackBANK0  00006D
floor@expon                 cstackBANK0  000066
floor@i                     cstackBANK0  000063
floor@x                     cstackBANK0  000060
frexp@eptr                  cstackCOMRAM 000012
frexp@value                 cstackCOMRAM 00000F
intlevel0                   text         000000
intlevel1                   text         000000
intlevel2                   text         000000
intlevel3                   text         000000
ldexp@newexp                cstackBANK0  000068
ldexp@value                 cstackBANK0  000065
log@coeff                   smallconst   00101E
log@exp                     cstackBANK0  000068
log@x                       cstackBANK0  000065
main@Rterm                  cstackBANK0  00009B
main@Temp_measured          cstackBANK0  00009F
main@adc_capture_average    cstackBANK0  000098
main@current_fish           cstackBANK0  0000A2
main@machine_state          cstackBANK0  00009E
pow@sign                    cstackBANK0  000083
pow@x                       cstackBANK0  000076
pow@y                       cstackBANK0  000079
pow@yi                      cstackBANK0  000084
putch@c                     cstackCOMRAM 000051
send_sys_data@fish          cstackBANK0  000061
send_sys_data@machine_state cstackBANK0  000060
send_sys_data@sys_state     cstackBANK0  000066
send_sys_data@sys_state_2   cstackBANK0  000067
send_sys_data@temperature   cstackBANK0  000062
set_current_fish@fish       cstackCOMRAM 00000F
set_current_fish@identifier cstackCOMRAM 000011
start                       init         000090
start_initialization        cinit        002EFA
